../Core/Src/server.c:77:6:replaceSubstring	40	static
../Core/Src/server.c:93:9:parseSwitchSetting	248	static
../Core/Src/server.c:155:9:setPortState	24	static
../Core/Src/server.c:195:9:setPortSpeed	24	static
../Core/Src/server.c:224:9:setPortPower	56	static
../Core/Src/server.c:285:7:portState	24	static
../Core/Src/server.c:319:7:portSpeed	24	static
../Core/Src/server.c:347:7:portClass	16	static
../Core/Src/server.c:400:10:ssi_handler	24	static
../Core/Src/server.c:502:13:CGILogin_Handler	56	static
../Core/Src/server.c:552:13:CGISetting_Handler	56	static
../Core/Src/server.c:618:13:CGIUpdatePage_Handler	64	static
../Core/Src/server.c:680:13:CGIUpdateRequest_Handler	32	static
../Core/Src/server.c:718:13:CGIReset_Handler	48	static
../Core/Src/server.c:759:7:httpd_post_begin	160	static
../Core/Src/server.c:931:7:httpd_post_receive_data	104	dynamic
../Core/Src/server.c:1024:6:httpd_post_finished	24	static
../Core/Src/server.c:1061:6:extractHeaderValue	32	static
../Core/Src/server.c:1089:10:calculateCRC32	32	static
../Core/Src/server.c:1113:9:compareVersions	40	static
../Core/Src/server.c:1157:9:parseACLEntries	4840	static
../Core/Src/server.c:1366:9:parseVLAN	4696	static
../Core/Src/server.c:1415:6:http_server_init	8	static
