../Core/Src/tps23881.c:48:9:TPS23881_init	48	static
../Core/Src/tps23881.c:206:9:TPS23881_UpdateSRAMCode	40	static
../Core/Src/tps23881.c:367:9:TPS23881_UpdateSRAMCodeSafe	40	static
../Core/Src/tps23881.c:525:9:TPS23881_ReadRegister	48	static
../Core/Src/tps23881.c:561:9:TPS23881_WriteRegister	48	static
../Core/Src/tps23881.c:595:9:TPS23881_GetDeviceInterruptStatus	24	static
../Core/Src/tps23881.c:626:9:TPS23881_GetAndClearDevicePowerEventStatus	24	static
../Core/Src/tps23881.c:657:9:TPS23881_GetAndClearDeviceDetectionEventStatus	24	static
../Core/Src/tps23881.c:688:9:TPS23881_GetAndClearDeviceFaultEventStatus	24	static
../Core/Src/tps23881.c:719:9:TPS23881_GetAndClearDeviceInrushEventStatus	24	static
../Core/Src/tps23881.c:750:9:TPS23881_GetAndClearDevicePowerSypplyEventStatus	24	static
../Core/Src/tps23881.c:783:9:TPS23881_GetChannelDiscoveryAndClass	24	static
../Core/Src/tps23881.c:820:9:GetAllInterruptStatus	24	static
../Core/Src/tps23881.c:857:9:TPS23881_InterruptHandler	24	static
../Core/Src/tps23881.c:934:9:TPS23881_PortDetectStatus	32	static
../Core/Src/tps23881.c:996:9:TPS23881_PortClassStatus	40	static
../Core/Src/tps23881.c:1114:9:TPS23881_PowerEnable	40	static
../Core/Src/tps23881.c:1227:9:TPS23881_PowerStatus	24	static
../Core/Src/tps23881.c:1260:9:TPS23881_SetPortClass	24	static
../Core/Src/tps23881.c:1317:9:TPS23881_AssignPortClass	24	static
../Core/Src/tps23881.c:1386:9:TPS23881_ReadPortsCurrents	40	static
../Core/Src/tps23881.c:1421:9:TPS23881_ReadPortsVoltages	40	static
../Core/Src/tps23881.c:1456:9:TPS23881_PortAutoRecovery	24	static
../Core/Src/tps23881.c:1560:9:TPS23881_RestartDetectClass	24	static
